    Finished `test` profile [unoptimized + debuginfo] target(s) in 0.24s
     Running unittests src\lib.rs (target\debug\deps\cryption-4b3a623c285ec189.exe)

running 5 tests
test engine_tests::test_header_serialization ... ok
test engine_tests::test_polynomial_hash_consistency ... ok
test engine_tests::test_hmac_integrity ... ok
test engine_tests::test_matrix_shuffling_integrity ... ok
test engine_tests::test_encryption_decryption_round_trip ... ok

test result: ok. 5 passed; 0 failed; 0 ignored; 0 measured; 0 filtered out; finished in 1.13s

   Doc-tests cryption

running 0 tests

test result: ok. 0 passed; 0 failed; 0 ignored; 0 measured; 0 filtered out; finished in 0.00s

